// Vitest Snapshot v1, https://vitest.dev/guide/snapshot.html

exports[`StatCard > renders and matches snapshot 1`] = `
<div>
  <div
    class="flex items-start justify-between py-4"
  >
    <div>
      <p
        class="text-sm text-muted-foreground mb-2 font-medium"
      >
        Total sales
      </p>
      <p
        class="text-2xl font-bold tracking-tight"
      >
        $12,345
      </p>
    </div>
    <svg
      aria-hidden="true"
      class="lucide lucide-info h-4 w-4 text-muted-foreground"
      fill="none"
      height="24"
      stroke="currentColor"
      stroke-linecap="round"
      stroke-linejoin="round"
      stroke-width="2"
      viewBox="0 0 24 24"
      width="24"
      xmlns="http://www.w3.org/2000/svg"
    >
      <circle
        cx="12"
        cy="12"
        r="10"
      />
      <path
        d="M12 16v-4"
      />
      <path
        d="M12 8h.01"
      />
    </svg>
  </div>
</div>
`;
